// Jest Snapshot v1, https://goo.gl/fbAQLP

exports[`Benefits List Component should render 0 benefits if none are passed 1`] = `
<ul
  className="list"
/>
`;

exports[`Benefits List Component should render correctly with no props 1`] = `""`;

exports[`Benefits List Component should render the benefits list of 2 items 1`] = `
<ul
  className="list"
>
  <li
    className="list__item"
    key="0"
  >
    one
  </li>
  <li
    className="list__item"
    key="1"
  >
    two
  </li>
</ul>
`;
